{
	"files":{
		
	},
	"dirs":{
		"/", 
		"/edat", 
		"/jim", 
		"/taes"
	}
}